Backend: http://localhost:3000
XTF:     tarang_synthetic_survey_002.xtf
======================================================================
[PASS] Backend API ONLINE -- HTTP 200
[PASS] System status endpoint responds -- HTTP 200
[PASS] Supabase database CONNECTED (real query) -- Real query succeeded on "surveys". 28 row(s) readable.
[PASS] Supabase Auth CONNECTED (real health check) -- GoTrue v2.197.0 responded to a live health request with the configured anon key.
[PASS] Supabase Storage CONNECTED (real bucket read) -- 2 bucket(s) reachable; "survey-images" passed a real write/read/delete round trip.
[PASS] Backend API ONLINE (self-check) -- Backend answered a live request at http://localhost:3000.
      overall: CONNECTED
      authoritative database: supabase
      service key exposed to browser: False
[PASS] Demo session: survey_operator -- HTTP 200 -> operator-portal.html
[PASS] Demo session: sonar_analyst -- HTTP 200 -> sonar-analyst.html
[PASS] Demo session: marine_portal -- HTTP 200 -> marine-analyst.html
[PASS] Demo session: government_portal -- HTTP 200 -> gov-authority.html
[PASS] Demo session: admin -- HTTP 200 -> admin-dashboard.html
[PASS] Demo session: public -- HTTP 200 -> public.html
[PASS] Synthetic XTF file readable -- 16.11 MB
      uploading + parsing + inferring (this takes a moment)...
[PASS] XTF upload + parse + detection pipeline -- HTTP 200 in 92.8s
      survey_id: 21454390-4012-5847-929b-bf8f879d4a57
      filename: tarang_synthetic_survey_002.xtf
      detections_count: 12
      images_reconstructed: 12
      reused existing survey: None
[PASS] XTF metadata extracted -- 12000 pings, 2 channels
      Total Pings: 12000
      Channel Count: 2
      Samples per Ping: 512
      SonarName: TARANG SYNTH
      Start Time: 2026-09-20T09:00:00.000
      End Time: 2026-09-20T12:19:59.000
      Min Latitude: 13.063835
      Max Latitude: 13.101565
      Min Longitude: 80.486166
      Max Longitude: 80.513834
      sonar image URL: https://cryfgdedvnyczhausidk.supabase.co/storage/v1/object/public/survey-images/evidence/IMG-2AE36EA67B83D7DEF827/sequence-001.jpg
      sonar image bytes: 883976
      leaks filesystem path: False
[PASS] Reconstructed sonar image renders (no Image not found)
[PASS] Detections generated by AI inference -- 12 detection(s)
[PASS] Detections geotagged from XTF navigation -- 12/12 have real lat/lon
      sample detection: {"id": "DET-9848EE654BF9", "class_name": "mine_cylinder", "confidence": 91.1, "latitude": 13.06383546532519, "longitude": 80.49490161470325, "ping_number": 451, "crop_url": "https://cryfgdedvnyczhausidk.supabase.co/storage/v1/object/public/survey-images/evidence/IMG-2AE36EA67B83D7DEF827/sequence-001.jpg", "evidence_image_url": "https://cryfgdedvnyczhausidk.supabase.co/storage/v1/object/public/survey-images/evidence/IMG-2AE36EA67B83D7DEF827/sequence-001.jpg"}
      detection lat span: 13.063835 .. 13.101565
      detection lon span: 80.487464 .. 80.511975
      detection spread: 4200 m (2.268 NM)
[PASS] Detections are geographically near the survey track -- all detections inside the parsed navigation bounds
[PASS] Hotspot clustering from real detections -- HTTP 200, 6 hotspot(s)
      hotspot count: 6
        HS-0A379D388E: lat=13.1016 lon=80.509633 targets=3 priority=High types=['mine_cylinder', 'unknown']
        HS-64E2C23CD9: lat=13.089 lon=80.49165 targets=2 priority=Medium types=['mine_cylinder']
        HS-F1ACC8CA47: lat=13.0764 lon=80.50875 targets=2 priority=Medium types=['mine_cylinder']
        HS-9B18388A28: lat=13.0638 lon=80.490267 targets=3 priority=High types=['mine_cylinder', 'unknown']
        HS-D24B3254DC: lat=12.904968 lon=80.494123 targets=22 priority=High types=['crab_pot', 'ghost_net', 'mine_cylinder', 'shipwreck', 'submarine_pipeline']
        HS-7BBB381859: lat=19.381325 lon=71.339825 targets=16 priority=High types=['ghost_net', 'mine_cylinder', 'shipwreck', 'submarine_pipeline']
[PASS] Hotspots have required fields -- id/latitude/longitude/detection_count/priority/target_classes present
[PASS] TSP cleanup route generated from hotspot coordinates -- 4 hotspots, 3.972 NM
      algorithm: nearest-neighbour + 2-opt (heuristic, not exact TSP)
      ordered hotspots: HS-0A379D388E -> HS-64E2C23CD9 -> HS-F1ACC8CA47 -> HS-9B18388A28
      total distance: 3.97 NM (7.36 km)
        leg 1: START -> HS-0A379D388E = 0.103 NM (0.191 km)
        leg 2: HS-0A379D388E -> HS-64E2C23CD9 = 1.295 NM (2.399 km)
        leg 3: HS-64E2C23CD9 -> HS-F1ACC8CA47 = 1.254 NM (2.322 km)
        leg 4: HS-F1ACC8CA47 -> HS-9B18388A28 = 1.319 NM (2.444 km)
[PASS] Route distance reported in nautical miles -- 3.97 NM (7.36 km)
[PASS] Route has a Start Point -- {"label": "Start Point", "latitude": 13.1016, "longitude": 80.5114}
[PASS] Route coordinates match hotspot coordinates -- 5 vertices
[PASS] Notification delivered on route generation -- notification_delivered=True
[PASS] Notification retrieved by marine_portal via Supabase -- HTTP 200, 48 notification(s)
      latest notification: {"created_at": "2026-09-21T19:44:43.864509+00:00", "event_type": "notification", "id": "e99f144e-e928-4912-aa51-7205d99ca3f8", "is_read": false, "message": "4 hotspots sequenced over 3.972 NM (7.356 km).", "notification_type": "cleanup_route", "recipient_roles": ["government_portal", "marine_portal"], "route_id": "ROUTE-HS-7B337F50E506", "survey_id": "21454390-4012-5847-929b-bf8f879d4a57", "timest
[PASS] Notification retrieved by government_portal via Supabase -- HTTP 200, 48 notification(s)
      latest notification: {"created_at": "2026-09-21T19:44:43.864509+00:00", "event_type": "notification", "id": "e99f144e-e928-4912-aa51-7205d99ca3f8", "is_read": false, "message": "4 hotspots sequenced over 3.972 NM (7.356 km).", "notification_type": "cleanup_route", "recipient_roles": ["government_portal", "marine_portal"], "route_id": "ROUTE-HS-7B337F50E506", "survey_id": "21454390-4012-5847-929b-bf8f879d4a57", "timest
[PASS] Authority portal retrieves the same persisted route -- HTTP 200 route_id=ROUTE-HS-7B337F50E506
[PASS] Survey bundle JSON downloads as valid JSON -- HTTP 200, 19968 bytes
      bundle survey: {"survey_id": "21454390-4012-5847-929b-bf8f879d4a57", "survey_name": "XTF Sonar Survey (tarang_synthetic_survey_002.xtf)", "source_file": "tarang_synthetic_survey_002.xtf", "sonar": "TARANG SYNTH", "sonar_frequency": "400/900 kHz", "start_time": "2026-09-20T09:00:00.000", "end_time": "2026-09-20T12:19:59.000", "total_pings": 12000, "channels": "PORT, STARBOARD", "start_coordinate": [13.063835, 80.486166], "end_coordinate": [13.101565, 80.513834], "survey_track_length_nm": 13.589, "survey_track_l
      bundle detections: 10
      bundle hotspots: 4
      bundle cleanup_route: ordered=['HS-0A379D388E', 'HS-64E2C23CD9', 'HS-F1ACC8CA47', 'HS-9B18388A28'] total_nm=3.972
[PASS] Bundle JSON contains the same records as the UI -- detections=10 hotspots=4
[PASS] Detection JSON downloads as valid JSON -- HTTP 200, 13293 bytes
[PASS] Hotspot JSON downloads as valid JSON -- HTTP 200, 3264 bytes
[PASS] Cleanup route JSON downloads as valid JSON -- HTTP 200, 3439 bytes
======================================================================
TOTAL: 34/34 checks passed
