Backend: http://localhost:3000
XTF:     tarang_synthetic_survey_002.xtf
======================================================================
[PASS] Backend API ONLINE -- HTTP 200
[PASS] System status endpoint responds -- HTTP 200
[PASS] Supabase database CONNECTED (real query) -- Real query succeeded on "surveys". 27 row(s) readable.
[PASS] Supabase Auth CONNECTED (real health check) -- GoTrue v2.197.0 responded to a live health request with the configured anon key.
[PASS] Supabase Storage CONNECTED (real bucket read) -- 2 bucket(s) reachable; "survey-images" passed a real write/read/delete round trip.
[PASS] Backend API ONLINE (self-check) -- Backend answered a live request at http://localhost:3000.
      overall: CONNECTED
      authoritative database: supabase
      service key exposed to browser: False
[PASS] Demo session: survey_operator -- HTTP 200 -> operator-portal.html
[PASS] Demo session: sonar_analyst -- HTTP 200 -> sonar-analyst.html
[PASS] Demo session: marine_portal -- HTTP 200 -> marine-analyst.html
[PASS] Demo session: government_portal -- HTTP 200 -> gov-authority.html
[PASS] Demo session: admin -- HTTP 200 -> admin-dashboard.html
[PASS] Demo session: public -- HTTP 200 -> public.html
[PASS] Synthetic XTF file readable -- 16.11 MB
      uploading + parsing + inferring (this takes a moment)...
[PASS] XTF upload + parse + detection pipeline -- HTTP 200 in 160.2s
      survey_id: 8a28ba28-da5a-5c28-960b-4a6c262ac2cc
      filename: tarang_synthetic_survey_002.xtf
      detections_count: 12
      images_reconstructed: 12
      reused existing survey: None
[PASS] XTF metadata extracted -- 12000 pings, 2 channels
      Total Pings: 12000
      Channel Count: 2
      Samples per Ping: 512
      SonarName: TARANG SYNTH
      Start Time: 2026-09-20T09:00:00.000
      End Time: 2026-09-20T12:19:59.000
      Min Latitude: 13.063835
      Max Latitude: 13.101565
      Min Longitude: 80.260166
      Max Longitude: 80.287834
      sonar image URL: https://cryfgdedvnyczhausidk.supabase.co/storage/v1/object/public/survey-images/evidence/IMG-2430A273EC1A1292F0EE/sequence-001.jpg
      sonar image bytes: 883976
      leaks filesystem path: False
[PASS] Reconstructed sonar image renders (no Image not found)
[PASS] Detections generated by AI inference -- 12 detection(s)
[PASS] Detections geotagged from XTF navigation -- 12/12 have real lat/lon
      sample detection: {"id": "DET-12A16E97498C", "class_name": "mine_cylinder", "confidence": 91.1, "latitude": 13.06383546532519, "longitude": 80.26890161470325, "ping_number": 451, "crop_url": "https://cryfgdedvnyczhausidk.supabase.co/storage/v1/object/public/survey-images/evidence/IMG-2430A273EC1A1292F0EE/sequence-001.jpg", "evidence_image_url": "https://cryfgdedvnyczhausidk.supabase.co/storage/v1/object/public/survey-images/evidence/IMG-2430A273EC1A1292F0EE/sequence-001.jpg"}
      detection lat span: 13.063835 .. 13.101565
      detection lon span: 80.261464 .. 80.285975
      detection spread: 4200 m (2.268 NM)
[PASS] Detections are geographically near the survey track -- all detections inside the parsed navigation bounds
[PASS] Hotspot clustering from real detections -- HTTP 200, 2 hotspot(s)
      hotspot count: 2
        HS-D24B3254DC: lat=12.904968 lon=80.494123 targets=22 priority=High types=['crab_pot', 'ghost_net', 'mine_cylinder', 'shipwreck', 'submarine_pipeline']
        HS-7BBB381859: lat=19.381325 lon=71.339825 targets=16 priority=High types=['ghost_net', 'mine_cylinder', 'shipwreck', 'submarine_pipeline']
[PASS] Hotspots have required fields -- id/latitude/longitude/detection_count/priority/target_classes present
[FAIL] TSP cleanup route generated from hotspot coordinates -- HTTP 409 At least two geospatially separated hotspots are required to plan a cleanup route. Found 0 for survey 8a28ba28-da5a-5c28-960b-4a6c262ac2cc.
[PASS] Notification retrieved by marine_portal via Supabase -- HTTP 200, 46 notification(s)
      latest notification: {"created_at": "2026-09-21T18:49:17.535072+00:00", "event_type": "notification", "id": "20386ee7-82ce-4dd5-a0f4-2cc0d64f99f2", "is_read": false, "message": "XTF survey processed with 12000 pings. 12 acoustic detections recorded in Supabase.", "survey_id": "8a28ba28-da5a-5c28-960b-4a6c262ac2cc", "timestamp": "22 Sep 2026, 00:19", "title": "Survey 8a28ba28-da5a-5c28-960b-4a6c262ac2cc: 12 Targets Det
[PASS] Notification retrieved by government_portal via Supabase -- HTTP 200, 46 notification(s)
      latest notification: {"created_at": "2026-09-21T18:49:17.535072+00:00", "event_type": "notification", "id": "20386ee7-82ce-4dd5-a0f4-2cc0d64f99f2", "is_read": false, "message": "XTF survey processed with 12000 pings. 12 acoustic detections recorded in Supabase.", "survey_id": "8a28ba28-da5a-5c28-960b-4a6c262ac2cc", "timestamp": "22 Sep 2026, 00:19", "title": "Survey 8a28ba28-da5a-5c28-960b-4a6c262ac2cc: 12 Targets Det
[PASS] Authority portal retrieves the same persisted route -- HTTP 200 route_id=ROUTE-HS-849B5D02D302
[PASS] Survey bundle JSON downloads as valid JSON -- HTTP 200, 14101 bytes
      bundle survey: {"survey_id": "8a28ba28-da5a-5c28-960b-4a6c262ac2cc", "survey_name": "XTF Sonar Survey (tarang_synthetic_survey_002.xtf)", "source_file": "tarang_synthetic_survey_002.xtf", "sonar": "TARANG SYNTH", "sonar_frequency": "400/900 kHz", "start_time": "2026-09-20T09:00:00.000", "end_time": "2026-09-20T12:19:59.000", "total_pings": 12000, "channels": "PORT, STARBOARD", "start_coordinate": [13.063835, 80.260166], "end_coordinate": [13.101565, 80.287834], "survey_track_length_nm": 13.589, "survey_track_l
      bundle detections: 10
      bundle hotspots: 0
      bundle cleanup_route: ordered=[] total_nm=0
[PASS] Bundle JSON contains the same records as the UI -- detections=10 hotspots=0
[PASS] Detection JSON downloads as valid JSON -- HTTP 200, 13304 bytes
[PASS] Hotspot JSON downloads as valid JSON -- HTTP 200, 160 bytes
[PASS] Cleanup route JSON downloads as valid JSON -- HTTP 200, 129 bytes
======================================================================
TOTAL: 29/30 checks passed

FAILURES:
  - TSP cleanup route generated from hotspot coordinates: HTTP 409 At least two geospatially separated hotspots are required to plan a cleanup route. Found 0 for survey 8a28ba28-da5a-5c28-960b-4a6c262ac2cc.
